26/06/06 13:54:57 WARN Utils: Your hostname, MacBook-Air-Mariia.local resolves to a loopback address: 127.0.0.1; using 192.168.0.109 instead (on interface en0)
26/06/06 13:54:57 WARN Utils: Set SPARK_LOCAL_IP if you need to bind to another address
26/06/06 13:54:57 INFO SparkContext: Running Spark version 3.5.0
26/06/06 13:54:57 INFO SparkContext: OS info Mac OS X, 15.6.1, aarch64
26/06/06 13:54:57 INFO SparkContext: Java version 11.0.31
26/06/06 13:54:57 WARN NativeCodeLoader: Unable to load native-hadoop library for your platform... using builtin-java classes where applicable
26/06/06 13:54:58 INFO ResourceUtils: ==============================================================
26/06/06 13:54:58 INFO ResourceUtils: No custom resources configured for spark.driver.
26/06/06 13:54:58 INFO ResourceUtils: ==============================================================
26/06/06 13:54:58 INFO SparkContext: Submitted application: Lab2_exp_1dn_optimized
26/06/06 13:54:58 INFO ResourceProfile: Default ResourceProfile created, executor resources: Map(cores -> name: cores, amount: 1, script: , vendor: , memory -> name: memory, amount: 512, script: , vendor: , offHeap -> name: offHeap, amount: 0, script: , vendor: ), task resources: Map(cpus -> name: cpus, amount: 1.0)
26/06/06 13:54:58 INFO ResourceProfile: Limiting resource is cpu
26/06/06 13:54:58 INFO ResourceProfileManager: Added ResourceProfile id: 0
26/06/06 13:54:58 INFO SecurityManager: Changing view acls to: mariia
26/06/06 13:54:58 INFO SecurityManager: Changing modify acls to: mariia
26/06/06 13:54:58 INFO SecurityManager: Changing view acls groups to: 
26/06/06 13:54:58 INFO SecurityManager: Changing modify acls groups to: 
26/06/06 13:54:58 INFO SecurityManager: SecurityManager: authentication disabled; ui acls disabled; users with view permissions: mariia; groups with view permissions: EMPTY; users with modify permissions: mariia; groups with modify permissions: EMPTY
26/06/06 13:54:58 INFO Utils: Successfully started service 'sparkDriver' on port 65108.
26/06/06 13:54:58 INFO SparkEnv: Registering MapOutputTracker
26/06/06 13:54:58 INFO SparkEnv: Registering BlockManagerMaster
26/06/06 13:54:58 INFO BlockManagerMasterEndpoint: Using org.apache.spark.storage.DefaultTopologyMapper for getting topology information
26/06/06 13:54:58 INFO BlockManagerMasterEndpoint: BlockManagerMasterEndpoint up
26/06/06 13:54:58 INFO SparkEnv: Registering BlockManagerMasterHeartbeat
26/06/06 13:54:58 INFO DiskBlockManager: Created local directory at /private/var/folders/tf/lk1c7nk927g22_dsdlk98_8r0000gn/T/blockmgr-747cf390-4f42-46dc-8c00-25bd99a1e669
26/06/06 13:54:58 INFO MemoryStore: MemoryStore started with capacity 434.4 MiB
26/06/06 13:54:58 INFO SparkEnv: Registering OutputCommitCoordinator
26/06/06 13:54:58 INFO JettyUtils: Start Jetty 0.0.0.0:4040 for SparkUI
26/06/06 13:54:58 WARN Utils: Service 'SparkUI' could not bind on port 4040. Attempting port 4041.
26/06/06 13:54:58 INFO Utils: Successfully started service 'SparkUI' on port 4041.
26/06/06 13:54:58 INFO Executor: Starting executor ID driver on host 192.168.0.109
26/06/06 13:54:58 INFO Executor: OS info Mac OS X, 15.6.1, aarch64
26/06/06 13:54:58 INFO Executor: Java version 11.0.31
26/06/06 13:54:58 INFO Executor: Starting executor with user classpath (userClassPathFirst = false): ''
26/06/06 13:54:58 INFO Executor: Created or updated repl class loader org.apache.spark.util.MutableURLClassLoader@566a6899 for default.
26/06/06 13:54:58 INFO Utils: Successfully started service 'org.apache.spark.network.netty.NettyBlockTransferService' on port 65109.
26/06/06 13:54:58 INFO NettyBlockTransferService: Server created on 192.168.0.109:65109
26/06/06 13:54:58 INFO BlockManager: Using org.apache.spark.storage.RandomBlockReplicationPolicy for block replication policy
26/06/06 13:54:58 INFO BlockManagerMaster: Registering BlockManager BlockManagerId(driver, 192.168.0.109, 65109, None)
26/06/06 13:54:58 INFO BlockManagerMasterEndpoint: Registering block manager 192.168.0.109:65109 with 434.4 MiB RAM, BlockManagerId(driver, 192.168.0.109, 65109, None)
26/06/06 13:54:58 INFO BlockManagerMaster: Registered BlockManager BlockManagerId(driver, 192.168.0.109, 65109, None)
26/06/06 13:54:58 INFO BlockManager: Initialized BlockManager: BlockManagerId(driver, 192.168.0.109, 65109, None)
Чтение данных из HDFS с явной схемой...
Загружено строк: 200000
root
 |-- user_id: string (nullable = true)
 |-- age: string (nullable = true)
 |-- salary: double (nullable = true)
 |-- experience_years: string (nullable = true)
 |-- department: string (nullable = true)
 |-- is_active: string (nullable = true)
 |-- join_date: string (nullable = true)
 |-- rating: string (nullable = true)

Репартицируем на 4 партиции по 'department'...
Кэшируем данные в памяти (MEMORY_ONLY)...
Активируем кэш через .count()...
Кэширование активировано: 200000 строк за 1.06 сек
Количество партиций после repartition: 4

Первый запуск groupBy.avg(salary)...
+----------+------------------+
|department|       avg(salary)|
+----------+------------------+
|     Sales|115281.01248807143|
| Marketing|115162.06094055553|
|        IT|115066.84887507829|
|        HR|115187.87051831317|
|   Finance|115098.55433482009|
+----------+------------------+


Второй запуск groupBy.avg(salary) — данные в кэше!
+----------+------------------+
|department|       avg(salary)|
+----------+------------------+
|     Sales|115281.01248807143|
| Marketing|115162.06094055553|
|        IT|115066.84887507829|
|        HR|115187.87051831317|
|   Finance|115098.55433482009|
+----------+------------------+


Эксперимент exp_1dn_optimized завершён:
Общее время выполнения: 5.30 сек
Пиковая RAM (драйвер): 65.1 МБ
Первый groupBy: 0.75 сек
Второй groupBy: 0.11 сек
Ускорение: 6.78x

 Результаты сохранены в JSON: results.json
